// Jest Snapshot v1, https://goo.gl/fbAQLP

exports[`alterLibrarySemantics does not mutate semantics 1`] = `
[
  {
    "fields": [
      {
        "default": false,
        "name": "enableRetry",
        "type": "text",
      },
    ],
    "name": "behaviour",
    "type": "group",
  },
  {
    "fields": [
      {
        "field": {
          "name": "",
          "tags": [
            "math",
            "maction",
            "annotation",
            "annotation-xml",
            "menclose",
            "merror",
            "mfenced",
            "mfrac",
            "mi",
            "mmultiscripts",
            "mn",
            "mo",
            "mover",
            "mpadded",
            "mphantom",
            "mprescripts",
            "mroot",
            "mrow",
            "ms",
            "semantics",
            "mspace",
            "msqrt",
            "mstyle",
            "msub",
            "msup",
            "msubsup",
            "mtable",
            "mtd",
            "mtext",
            "mtr",
            "munder",
            "munderover",
            "math",
            "mi",
            "mn",
            "mo",
            "ms",
            "mspace",
            "mtext",
            "menclose",
            "merror",
            "mfenced",
            "mfrac",
            "mpadded",
            "mphantom",
            "mroot",
            "mrow",
            "msqrt",
            "mstyle",
            "mmultiscripts",
            "mover",
            "mprescripts",
            "msub",
            "msubsup",
            "msup",
            "munder",
            "munderover",
            "mtable",
            "mtd",
            "mtr",
            "maction",
            "annotation",
            "annotation-xml",
            "semantics",
          ],
          "type": "text",
          "widget": "html",
        },
        "name": "",
        "type": "list",
      },
    ],
    "name": "",
    "type": "group",
  },
]
`;
